// Jest Snapshot v1, https://goo.gl/fbAQLP

exports[`<App /> Matches the snapshot 1`] = `<button />`;

exports[`<App /> Renders <App /> component correctly 1`] = `
<div
  className="App"
>
  <div
    className="calculator"
  >
    <div
      className="display"
    >
      Â 
      0
    </div>
    <div
      className="operators"
    >
      <button
        onClick={[Function]}
      >
        /
      </button>
      <button
        onClick={[Function]}
      >
        *
      </button>
      <button
        onClick={[Function]}
      >
        +
      </button>
      <button
        onClick={[Function]}
      >
        -
      </button>
      <button
        onClick={[Function]}
      >
        DEL
      </button>
    </div>
    <div
      className="digits"
    >
      <button
        key="1"
        onClick={[Function]}
      >
        1
      </button>
      <button
        key="2"
        onClick={[Function]}
      >
        2
      </button>
      <button
        key="3"
        onClick={[Function]}
      >
        3
      </button>
      <button
        key="4"
        onClick={[Function]}
      >
        4
      </button>
      <button
        key="5"
        onClick={[Function]}
      >
        5
      </button>
      <button
        key="6"
        onClick={[Function]}
      >
        6
      </button>
      <button
        key="7"
        onClick={[Function]}
      >
        7
      </button>
      <button
        key="8"
        onClick={[Function]}
      >
        8
      </button>
      <button
        key="9"
        onClick={[Function]}
      >
        9
      </button>
      <button
        onClick={[Function]}
      >
        0
      </button>
      <button
        onClick={[Function]}
      >
        .
      </button>
      <button
        onClick={[Function]}
      >
        =
      </button>
    </div>
  </div>
  <div
    className="history"
  >
    <h2>
      History
    </h2>
    <div
      className="history-show"
    />
  </div>
</div>
`;
